#-----------------------------------------------------------
# Vivado v2025.1 (64-bit)
# SW Build 6140274 on Thu May 22 00:12:29 MDT 2025
# IP Build 6138677 on Thu May 22 03:10:11 MDT 2025
# SharedData Build 6139179 on Tue May 20 17:58:58 MDT 2025
# Start of session at: Sat Aug 30 17:17:18 2025
# Process ID         : 12116
# Current directory  : C:/Users/thepr/git/EPCL_IP_SPIDAC/src/verilog/spi_dac
# Command line       : vivado.exe -gui_launcher_event rodinguilauncherevent16364 C:\Users\thepr\git\EPCL_IP_SPIDAC\src\verilog\spi_dac\spi_dac.xpr
# Log file           : C:/Users/thepr/git/EPCL_IP_SPIDAC/src/verilog/spi_dac/vivado.log
# Journal file       : C:/Users/thepr/git/EPCL_IP_SPIDAC/src/verilog/spi_dac\vivado.jou
# Running On         : THEP_EPCL
# Platform           : Windows Server 2016 or Windows 10
# Operating System   : 26100
# Processor Detail   : AMD Ryzen 9 7900X 12-Core Processor            
# CPU Frequency      : 4691 MHz
# CPU Physical cores : 12
# CPU Logical cores  : 24
# Host memory        : 67231 MB
# Swap memory        : 4294 MB
# Total Virtual      : 71526 MB
# Available Virtual  : 50177 MB
#-----------------------------------------------------------
start_gui
open_project C:/Users/thepr/git/EPCL_IP_SPIDAC/src/verilog/spi_dac/spi_dac.xpr
update_compile_order -fileset sources_1
launch_simulation
source tb_spi_dac_100m_to_50m.tcl
run all
close_sim
